[preview.colorlib.com/theme/standout/index.html]
[backblue.gif]
[fade.gif]
[index.html]
[preview.colorlib.com/theme/standout/css/base.css]
[preview.colorlib.com/theme/standout/css/vendor.css]
[preview.colorlib.com/theme/standout/css/main.css]
[preview.colorlib.com/theme/standout/js/modernizr.js]
[preview.colorlib.com/theme/standout/js/pace.min.js]
[preview.colorlib.com/theme/standout/favicon.ico]
[preview.colorlib.com/theme/standout/index-2.html]
[preview.colorlib.com/theme/standout/images/logo.svg]
[preview.colorlib.com/theme/standout/blog.html]
[preview.colorlib.com/theme/standout/images/app-screen-1400.png]
[preview.colorlib.com/theme/standout/images/phone-app-screens-1000.png]
[preview.colorlib.com/theme/standout/images/avatars/user-01.jpg]
[preview.colorlib.com/theme/standout/images/avatars/user-02.jpg]
[preview.colorlib.com/theme/standout/images/avatars/user-03.jpg]
[preview.colorlib.com/theme/standout/images/phone-app-profile-550.png]
[preview.colorlib.com/theme/standout/js/jquery-3.2.1.min.js]
[preview.colorlib.com/theme/standout/js/plugins.js]
[preview.colorlib.com/theme/standout/index.html]
[preview.colorlib.com/theme/standout/js/main.js]
[preview.colorlib.com/theme/standout/css/font-awesome/css/fontawesome-all.css]
[preview.colorlib.com/theme/standout/css/base.css]
[preview.colorlib.com/theme/standout/css/vendor.css]
[preview.colorlib.com/theme/standout/css/micons/micons.css]
[preview.colorlib.com/theme/standout/images/icons/icon-arrow-left.svg]
[preview.colorlib.com/theme/standout/images/icons/icon-arrow-right.svg]
[preview.colorlib.com/theme/standout/images/pattern.jpg]
[preview.colorlib.com/theme/standout/images/app-user.jpg]
[preview.colorlib.com/theme/standout/images/icons/icon-play-black.svg]
[preview.colorlib.com/theme/standout/images/icons/icon-play.svg]
[preview.colorlib.com/theme/standout/images/icons/icon-arrow-down.svg]
[preview.colorlib.com/theme/standout/images/appstore.png]
[preview.colorlib.com/theme/standout/images/google-play.png]
[preview.colorlib.com/theme/standout/css/main.css]
[preview.colorlib.com/theme/standout/index-2.html]
[preview.colorlib.com/theme/standout/images/logo.svg]
[preview.colorlib.com/theme/standout/images/icons/icon-arrow-up.svg]
[preview.colorlib.com/theme/standout/single.html]
[preview.colorlib.com/theme/standout/images/thumbs/post/lamp-400.jpg]
[preview.colorlib.com/theme/standout/images/thumbs/post/blue-400.jpg]
[preview.colorlib.com/theme/standout/images/thumbs/post/desk-400.jpg]
[preview.colorlib.com/theme/standout/images/thumbs/post/watch-400.jpg]
[preview.colorlib.com/theme/standout/images/thumbs/post/wheel-400.jpg]
[preview.colorlib.com/theme/standout/images/thumbs/post/jsmith-400.jpg]
[preview.colorlib.com/theme/standout/images/thumbs/post/mac-400.jpg]
[preview.colorlib.com/theme/standout/images/thumbs/post/working-400.jpg]
[preview.colorlib.com/theme/standout/images/thumbs/post/woodcraft-400.jpg]
[preview.colorlib.com/theme/standout/images/thumbs/post/fuji-400.jpg]
[preview.colorlib.com/theme/standout/images/thumbs/post/workplace-400.jpg]
[preview.colorlib.com/theme/standout/images/thumbs/post/work-remote-400.jpg]
[preview.colorlib.com/theme/standout/blog.html]
[preview.colorlib.com/theme/standout/css/font-awesome/webfonts/fa-brands-400.eot]
[preview.colorlib.com/theme/standout/css/font-awesome/webfonts/fa-brands-400d41d.eot]
[preview.colorlib.com/theme/standout/css/font-awesome/webfonts/fa-brands-400.woff2]
[preview.colorlib.com/theme/standout/css/font-awesome/webfonts/fa-brands-400.woff]
[preview.colorlib.com/theme/standout/css/font-awesome/webfonts/fa-brands-400.ttf]
[preview.colorlib.com/theme/standout/css/font-awesome/webfonts/fa-brands-400.svg]
[preview.colorlib.com/theme/standout/css/font-awesome/webfonts/fa-regular-400.eot]
[preview.colorlib.com/theme/standout/css/font-awesome/webfonts/fa-regular-400d41d.eot]
[preview.colorlib.com/theme/standout/css/font-awesome/webfonts/fa-regular-400.woff2]
[preview.colorlib.com/theme/standout/css/font-awesome/webfonts/fa-regular-400.woff]
[preview.colorlib.com/theme/standout/css/font-awesome/webfonts/fa-regular-400.ttf]
[preview.colorlib.com/theme/standout/css/font-awesome/webfonts/fa-regular-400.svg]
[preview.colorlib.com/theme/standout/css/font-awesome/webfonts/fa-solid-900.eot]
[preview.colorlib.com/theme/standout/css/font-awesome/webfonts/fa-solid-900d41d.eot]
[preview.colorlib.com/theme/standout/css/font-awesome/webfonts/fa-solid-900.woff2]
[preview.colorlib.com/theme/standout/css/font-awesome/webfonts/fa-solid-900.woff]
[preview.colorlib.com/theme/standout/css/font-awesome/webfonts/fa-solid-900.ttf]
[preview.colorlib.com/theme/standout/css/font-awesome/css/fontawesome-all.css]
[preview.colorlib.com/theme/standout/css/font-awesome/webfonts/fa-solid-900.svg]
[preview.colorlib.com/theme/standout/css/micons/fonts/icomoon4286.eot]
[preview.colorlib.com/theme/standout/css/micons/fonts/icomoon4286.ttf]
[preview.colorlib.com/theme/standout/css/micons/fonts/icomoon4286.woff]
[preview.colorlib.com/theme/standout/css/micons/micons.css]
[preview.colorlib.com/theme/standout/images/icons/icon-arrow-left.svg]
[preview.colorlib.com/theme/standout/images/icons/icon-arrow-right.svg]
[preview.colorlib.com/theme/standout/images/icons/icon-play-black.svg]
[preview.colorlib.com/theme/standout/images/icons/icon-play.svg]
[preview.colorlib.com/theme/standout/images/icons/icon-arrow-down.svg]
[preview.colorlib.com/theme/standout/images/icons/icon-arrow-up.svg]
[preview.colorlib.com/theme/standout/css/micons/fonts/icomoon4286.svg]
[preview.colorlib.com/theme/standout/images/blog/blog-bg-01.jpg]
[preview.colorlib.com/theme/standout/images/wheel-1000.jpg]
[preview.colorlib.com/theme/standout/images/avatars/user-04.jpg]
[preview.colorlib.com/theme/standout/single.html]
[preview.colorlib.com/theme/standout/css/font-awesome/webfonts/fa-brands-400.svg]
[preview.colorlib.com/theme/standout/css/font-awesome/webfonts/fa-regular-400.svg]
[preview.colorlib.com/theme/standout/css/font-awesome/webfonts/fa-solid-900.svg]
[preview.colorlib.com/theme/standout/css/micons/fonts/icomoon4286.svg]
